// Jest Snapshot v1, https://goo.gl/fbAQLP

exports[`renders slot unchanged 1`] = `
<div>
  <div
    aria-controls="radix-:r0:"
    aria-expanded="false"
    aria-haspopup="dialog"
    aria-label="Slot 1"
    class="z-10 border-gray-100 border-b"
    data-drop-target-for-element="true"
    data-state="closed"
    data-testid="slot-1"
    style="grid-row: 1; grid-column: 2; height: 3.5rem;"
    type="button"
  />
</div>
`;
